##########################################
# (1) LINK INFORMATION                   #
##########################################
c:\program files (x86)\renesas\hew\tools\renesas\nc30wa\v545r01\bin\ln30.exe @C:\Users\Son\Desktop\WEEK2C\WEEK2C\WEEK2C\Week2c\Week2c\Week2c\debug\Week2c.m16cl

# LINK FILE INFORMATION
ncrt0_rsk (C:\Users\Son\Desktop\WEEK2C\WEEK2C\WEEK2C\Week2c\Week2c\Week2c\debug\ncrt0_rsk.r30)
	Oct 30 09:59:39 2015

main_event_cntr (C:\Users\Son\Desktop\WEEK2C\WEEK2C\WEEK2C\Week2c\Week2c\Week2c\debug\main_event_cntr.r30)
	Nov 10 12:27:45 2015

hwsetup (C:\Users\Son\Desktop\WEEK2C\WEEK2C\WEEK2C\Week2c\Week2c\Week2c\debug\hwsetup.r30)
	Oct 30 09:59:38 2015

resetprg (C:\Users\Son\Desktop\WEEK2C\WEEK2C\WEEK2C\Week2c\Week2c\Week2c\debug\resetprg.r30)
	Oct 30 10:08:34 2015

lcd (C:\Users\Son\Desktop\WEEK2C\WEEK2C\WEEK2C\Week2c\Week2c\Week2c\debug\lcd.r30)
	Oct 30 09:59:39 2015

_f8add (c:\program files (x86)\renesas\hew\tools\renesas\nc30wa\v545r01\lib30\nc30lib.lib)
	Jan  6 15:04:35 2010

_f8div (c:\program files (x86)\renesas\hew\tools\renesas\nc30wa\v545r01\lib30\nc30lib.lib)
	Jan  6 15:04:35 2010

_f8ge (c:\program files (x86)\renesas\hew\tools\renesas\nc30wa\v545r01\lib30\nc30lib.lib)
	Jan  6 15:04:36 2010

_f8le (c:\program files (x86)\renesas\hew\tools\renesas\nc30wa\v545r01\lib30\nc30lib.lib)
	Jan  6 15:04:36 2010

_f8mul (c:\program files (x86)\renesas\hew\tools\renesas\nc30wa\v545r01\lib30\nc30lib.lib)
	Jan  6 15:04:36 2010

_f8sub (c:\program files (x86)\renesas\hew\tools\renesas\nc30wa\v545r01\lib30\nc30lib.lib)
	Jan  6 15:04:37 2010

_f8toi4 (c:\program files (x86)\renesas\hew\tools\renesas\nc30wa\v545r01\lib30\nc30lib.lib)
	Jan  6 15:04:37 2010

_ftol (c:\program files (x86)\renesas\hew\tools\renesas\nc30wa\v545r01\lib30\nc30lib.lib)
	Jan  6 15:04:38 2010

_i4div (c:\program files (x86)\renesas\hew\tools\renesas\nc30wa\v545r01\lib30\nc30lib.lib)
	Jan  6 15:04:38 2010

_i4mod (c:\program files (x86)\renesas\hew\tools\renesas\nc30wa\v545r01\lib30\nc30lib.lib)
	Jan  6 15:04:38 2010

_i4mulu (c:\program files (x86)\renesas\hew\tools\renesas\nc30wa\v545r01\lib30\nc30lib.lib)
	Jan  6 15:04:39 2010

_i4tof8 (c:\program files (x86)\renesas\hew\tools\renesas\nc30wa\v545r01\lib30\nc30lib.lib)
	Jan  6 15:04:39 2010

_ltof (c:\program files (x86)\renesas\hew\tools\renesas\nc30wa\v545r01\lib30\nc30lib.lib)
	Jan  6 15:04:41 2010

bcopy (c:\program files (x86)\renesas\hew\tools\renesas\nc30wa\v545r01\lib30\nc30lib.lib)
	Jan  6 15:04:43 2010

bzero (c:\program files (x86)\renesas\hew\tools\renesas\nc30wa\v545r01\lib30\nc30lib.lib)
	Jan  6 15:04:44 2010

_f8ltor (c:\program files (x86)\renesas\hew\tools\renesas\nc30wa\v545r01\lib30\nc30lib.lib)
	Jan  6 15:04:36 2010

_f8rtol (c:\program files (x86)\renesas\hew\tools\renesas\nc30wa\v545r01\lib30\nc30lib.lib)
	Jan  6 15:04:37 2010


##########################################
# (2) SECTION INFORMATION                #
##########################################
# SECTION                        ATR TYPE    START  LENGTH ALIGN MODULENAME
data_SE                          ABS DATA    000400 000000       ncrt0_rsk
bss_SE                           REL DATA    000400 000000 2     ncrt0_rsk
data_SO                          REL DATA    000400 000000       ncrt0_rsk
bss_SO                           REL DATA    000400 000000       ncrt0_rsk
data_NE                          REL DATA    000400 000000 2     ncrt0_rsk
                                 REL DATA    000400 000008 2     main_event_cntr
bss_NE                           REL DATA    000408 000000 2     ncrt0_rsk
data_NO                          REL DATA    000408 000000       ncrt0_rsk
                                 REL DATA    000408 000001       lcd
bss_NO                           REL DATA    000409 000000       ncrt0_rsk
stack                            REL DATA    000409 000600       ncrt0_rsk
heap                             REL DATA    000A09 000000       ncrt0_rsk
rom_NE                           REL ROMDATA 000A0A 000000 2     ncrt0_rsk
rom_NO                           REL ROMDATA 000A0A 000000       ncrt0_rsk
data_FE                          ABS DATA    010000 000000       ncrt0_rsk
bss_FE                           REL DATA    010000 000000 2     ncrt0_rsk
data_FO                          REL DATA    010000 000000       ncrt0_rsk
bss_FO                           REL DATA    010000 000000       ncrt0_rsk
rom_FE                           ABS ROMDATA 0F0000 000000       ncrt0_rsk
rom_FO                           REL ROMDATA 0F0000 000000       ncrt0_rsk
data_SEI                         REL ROMDATA 0F0000 000000       ncrt0_rsk
data_SOI                         REL ROMDATA 0F0000 000000       ncrt0_rsk
data_NEI                         REL ROMDATA 0F0000 000000       ncrt0_rsk
                                 REL ROMDATA 0F0000 000008       main_event_cntr
data_NOI                         REL ROMDATA 0F0008 000000       ncrt0_rsk
                                 REL ROMDATA 0F0008 000001       lcd
data_FEI                         REL ROMDATA 0F0009 000000       ncrt0_rsk
data_FOI                         REL ROMDATA 0F0009 000000       ncrt0_rsk
switch_table                     REL ROMDATA 0F0009 000000       ncrt0_rsk
program                          REL CODE    0F0009 000000       ncrt0_rsk
                                 REL CODE    0F000A 000477 2     main_event_cntr
                                 REL CODE    0F0482 0000DB 2     hwsetup
                                 REL CODE    0F055E 00000A 2     resetprg
                                 REL CODE    0F0568 0001E4 2     lcd
                                 REL CODE    0F074C 00091B 2     _f8add
                                 REL CODE    0F1068 0002C9 2     _f8div
                                 REL CODE    0F1332 0000A7 2     _f8ge
                                 REL CODE    0F13DA 0000A7 2     _f8le
                                 REL CODE    0F1482 0002C7 2     _f8mul
                                 REL CODE    0F174A 000028 2     _f8sub
                                 REL CODE    0F1772 000025 2     _f8toi4
                                 REL CODE    0F1798 000111 2     _ftol
                                 REL CODE    0F18AA 000083 2     _i4div
                                 REL CODE    0F192E 000073 2     _i4mod
                                 REL CODE    0F19A2 00001C 2     _i4mulu
                                 REL CODE    0F19BE 000022 2     _i4tof8
                                 REL CODE    0F19E0 0000D4 2     _ltof
                                 REL CODE    0F1AB4 000035 2     bcopy
                                 REL CODE    0F1AEA 000028 2     bzero
                                 REL CODE    0F1B12 000054 2     _f8ltor
                                 REL CODE    0F1B66 000041 2     _f8rtol
interrupt                        REL CODE    0F1BA7 000000       ncrt0_rsk
                                 REL CODE    0F1BA7 0000F1       ncrt0_rsk
program_S                        REL CODE    0F1C98 000000       ncrt0_rsk
vector                           ABS ROMDATA 0FFD00 000100       ncrt0_rsk
svector                          ABS ROMDATA 0FFE00 000000       ncrt0_rsk
fvector                          ABS ROMDATA 0FFFFC 000004       ncrt0_rsk
# Total -------------------------------------------------------------------
                                     DATA           000609(0001545) Byte(s)
                                     ROMDATA        00010D(0000269) Byte(s)
                                     CODE           001C8F(0007311) Byte(s)

##########################################
# (3) GLOBAL LABEL INFORMATION           #
##########################################
$DisplayString     0f0616  $LCD_nibble_writ   0f06a0  $LCD_write         0f0674
$_f8ltor           0f1b12  $_f8rtol           0f1b66  $_ftol             0f1798
$_ltof             0f19e0  $exit              0f1c95  _ConfigureOperat   0f048c
_ConfigurePortPi   0f04e6  _DisplayDelay      0f0726  _EnablePeriphera   0f04d8
_HardwareSetup     0f0482  _Initialise        0f055e  _InitialiseDispl   0f0568
__f8add            0f074c  __f8div            0f1068  __f8ge             0f1332
__f8le             0f13da  __f8mul            0f1482  __f8sub            0f174a
__f8toi4           0f1772  __i4div            0f18aa  __i4mod            0f192e
__i4mulU           0f19a2  __i4tof8           0f19be  _bcopy             0f1ab4
_bzero             0f1aea  _exit              0f1c95  _floating_point_   0f0122
_floating_point_   000406  _main              0f000a  _normal_display    0f006c
_old_val           000402  _ta1_irq           0f0050  _ta1_user_counte   000400
_ta2_irq           0f0048  _timer_init        0f001a  dummy_int          0f1c97
start              0f1ba7  

##########################################
# (4) GLOBAL EQU SYMBOL INFORMATION      #
##########################################
__SB__           00000400  

##########################################
# (5) GLOBAL EQU BIT-SYMBOL INFORMATION  #
##########################################

##########################################
# (6) LOCAL LABEL INFORMATION            #
##########################################
@ ncrt0_rsk ( C:\Users\Son\Desktop\WEEK2C\WEEK2C\WEEK2C\Week2c\Week2c\Week2c\debug\ncrt0_rsk.r30 )
@ main_event_cntr ( C:\Users\Son\Desktop\WEEK2C\WEEK2C\WEEK2C\Week2c\Week2c\Week2c\debug\main_event_cntr.r30 )
@ hwsetup ( C:\Users\Son\Desktop\WEEK2C\WEEK2C\WEEK2C\Week2c\Week2c\Week2c\debug\hwsetup.r30 )
@ resetprg ( C:\Users\Son\Desktop\WEEK2C\WEEK2C\WEEK2C\Week2c\Week2c\Week2c\debug\resetprg.r30 )
@ lcd ( C:\Users\Son\Desktop\WEEK2C\WEEK2C\WEEK2C\Week2c\Week2c\Week2c\debug\lcd.r30 )
@ _f8add ( c:\program files (x86)\renesas\hew\tools\renesas\nc30wa\v545r01\lib30\nc30lib.lib )
@ _f8div ( c:\program files (x86)\renesas\hew\tools\renesas\nc30wa\v545r01\lib30\nc30lib.lib )
@ _f8ge ( c:\program files (x86)\renesas\hew\tools\renesas\nc30wa\v545r01\lib30\nc30lib.lib )
@ _f8le ( c:\program files (x86)\renesas\hew\tools\renesas\nc30wa\v545r01\lib30\nc30lib.lib )
@ _f8mul ( c:\program files (x86)\renesas\hew\tools\renesas\nc30wa\v545r01\lib30\nc30lib.lib )
@ _f8sub ( c:\program files (x86)\renesas\hew\tools\renesas\nc30wa\v545r01\lib30\nc30lib.lib )
@ _f8toi4 ( c:\program files (x86)\renesas\hew\tools\renesas\nc30wa\v545r01\lib30\nc30lib.lib )
@ _ftol ( c:\program files (x86)\renesas\hew\tools\renesas\nc30wa\v545r01\lib30\nc30lib.lib )
@ _i4div ( c:\program files (x86)\renesas\hew\tools\renesas\nc30wa\v545r01\lib30\nc30lib.lib )
@ _i4mod ( c:\program files (x86)\renesas\hew\tools\renesas\nc30wa\v545r01\lib30\nc30lib.lib )
@ _i4mulu ( c:\program files (x86)\renesas\hew\tools\renesas\nc30wa\v545r01\lib30\nc30lib.lib )
@ _i4tof8 ( c:\program files (x86)\renesas\hew\tools\renesas\nc30wa\v545r01\lib30\nc30lib.lib )
@ _ltof ( c:\program files (x86)\renesas\hew\tools\renesas\nc30wa\v545r01\lib30\nc30lib.lib )
@ bcopy ( c:\program files (x86)\renesas\hew\tools\renesas\nc30wa\v545r01\lib30\nc30lib.lib )
@ bzero ( c:\program files (x86)\renesas\hew\tools\renesas\nc30wa\v545r01\lib30\nc30lib.lib )
@ _f8ltor ( c:\program files (x86)\renesas\hew\tools\renesas\nc30wa\v545r01\lib30\nc30lib.lib )
@ _f8rtol ( c:\program files (x86)\renesas\hew\tools\renesas\nc30wa\v545r01\lib30\nc30lib.lib )

##########################################
# (7) LOCAL EQU SYMBOL INFORMATION       #
##########################################
@ ncrt0_rsk ( C:\Users\Son\Desktop\WEEK2C\WEEK2C\WEEK2C\Week2c\Week2c\Week2c\debug\ncrt0_rsk.r30 )
@ main_event_cntr ( C:\Users\Son\Desktop\WEEK2C\WEEK2C\WEEK2C\Week2c\Week2c\Week2c\debug\main_event_cntr.r30 )
@ hwsetup ( C:\Users\Son\Desktop\WEEK2C\WEEK2C\WEEK2C\Week2c\Week2c\Week2c\debug\hwsetup.r30 )
@ resetprg ( C:\Users\Son\Desktop\WEEK2C\WEEK2C\WEEK2C\Week2c\Week2c\Week2c\debug\resetprg.r30 )
@ lcd ( C:\Users\Son\Desktop\WEEK2C\WEEK2C\WEEK2C\Week2c\Week2c\Week2c\debug\lcd.r30 )
@ _f8add ( c:\program files (x86)\renesas\hew\tools\renesas\nc30wa\v545r01\lib30\nc30lib.lib )
@ _f8div ( c:\program files (x86)\renesas\hew\tools\renesas\nc30wa\v545r01\lib30\nc30lib.lib )
@ _f8ge ( c:\program files (x86)\renesas\hew\tools\renesas\nc30wa\v545r01\lib30\nc30lib.lib )
@ _f8le ( c:\program files (x86)\renesas\hew\tools\renesas\nc30wa\v545r01\lib30\nc30lib.lib )
@ _f8mul ( c:\program files (x86)\renesas\hew\tools\renesas\nc30wa\v545r01\lib30\nc30lib.lib )
@ _f8sub ( c:\program files (x86)\renesas\hew\tools\renesas\nc30wa\v545r01\lib30\nc30lib.lib )
@ _f8toi4 ( c:\program files (x86)\renesas\hew\tools\renesas\nc30wa\v545r01\lib30\nc30lib.lib )
@ _ftol ( c:\program files (x86)\renesas\hew\tools\renesas\nc30wa\v545r01\lib30\nc30lib.lib )
@ _i4div ( c:\program files (x86)\renesas\hew\tools\renesas\nc30wa\v545r01\lib30\nc30lib.lib )
@ _i4mod ( c:\program files (x86)\renesas\hew\tools\renesas\nc30wa\v545r01\lib30\nc30lib.lib )
@ _i4mulu ( c:\program files (x86)\renesas\hew\tools\renesas\nc30wa\v545r01\lib30\nc30lib.lib )
@ _i4tof8 ( c:\program files (x86)\renesas\hew\tools\renesas\nc30wa\v545r01\lib30\nc30lib.lib )
@ _ltof ( c:\program files (x86)\renesas\hew\tools\renesas\nc30wa\v545r01\lib30\nc30lib.lib )
@ bcopy ( c:\program files (x86)\renesas\hew\tools\renesas\nc30wa\v545r01\lib30\nc30lib.lib )
@ bzero ( c:\program files (x86)\renesas\hew\tools\renesas\nc30wa\v545r01\lib30\nc30lib.lib )
@ _f8ltor ( c:\program files (x86)\renesas\hew\tools\renesas\nc30wa\v545r01\lib30\nc30lib.lib )
@ _f8rtol ( c:\program files (x86)\renesas\hew\tools\renesas\nc30wa\v545r01\lib30\nc30lib.lib )

##########################################
# (8) LOCAL EQU BIT-SYMBOL INFORMATION   #
##########################################
@ ncrt0_rsk ( C:\Users\Son\Desktop\WEEK2C\WEEK2C\WEEK2C\Week2c\Week2c\Week2c\debug\ncrt0_rsk.r30 )
@ main_event_cntr ( C:\Users\Son\Desktop\WEEK2C\WEEK2C\WEEK2C\Week2c\Week2c\Week2c\debug\main_event_cntr.r30 )
@ hwsetup ( C:\Users\Son\Desktop\WEEK2C\WEEK2C\WEEK2C\Week2c\Week2c\Week2c\debug\hwsetup.r30 )
@ resetprg ( C:\Users\Son\Desktop\WEEK2C\WEEK2C\WEEK2C\Week2c\Week2c\Week2c\debug\resetprg.r30 )
@ lcd ( C:\Users\Son\Desktop\WEEK2C\WEEK2C\WEEK2C\Week2c\Week2c\Week2c\debug\lcd.r30 )
@ _f8add ( c:\program files (x86)\renesas\hew\tools\renesas\nc30wa\v545r01\lib30\nc30lib.lib )
@ _f8div ( c:\program files (x86)\renesas\hew\tools\renesas\nc30wa\v545r01\lib30\nc30lib.lib )
@ _f8ge ( c:\program files (x86)\renesas\hew\tools\renesas\nc30wa\v545r01\lib30\nc30lib.lib )
@ _f8le ( c:\program files (x86)\renesas\hew\tools\renesas\nc30wa\v545r01\lib30\nc30lib.lib )
@ _f8mul ( c:\program files (x86)\renesas\hew\tools\renesas\nc30wa\v545r01\lib30\nc30lib.lib )
@ _f8sub ( c:\program files (x86)\renesas\hew\tools\renesas\nc30wa\v545r01\lib30\nc30lib.lib )
@ _f8toi4 ( c:\program files (x86)\renesas\hew\tools\renesas\nc30wa\v545r01\lib30\nc30lib.lib )
@ _ftol ( c:\program files (x86)\renesas\hew\tools\renesas\nc30wa\v545r01\lib30\nc30lib.lib )
@ _i4div ( c:\program files (x86)\renesas\hew\tools\renesas\nc30wa\v545r01\lib30\nc30lib.lib )
@ _i4mod ( c:\program files (x86)\renesas\hew\tools\renesas\nc30wa\v545r01\lib30\nc30lib.lib )
@ _i4mulu ( c:\program files (x86)\renesas\hew\tools\renesas\nc30wa\v545r01\lib30\nc30lib.lib )
@ _i4tof8 ( c:\program files (x86)\renesas\hew\tools\renesas\nc30wa\v545r01\lib30\nc30lib.lib )
@ _ltof ( c:\program files (x86)\renesas\hew\tools\renesas\nc30wa\v545r01\lib30\nc30lib.lib )
@ bcopy ( c:\program files (x86)\renesas\hew\tools\renesas\nc30wa\v545r01\lib30\nc30lib.lib )
@ bzero ( c:\program files (x86)\renesas\hew\tools\renesas\nc30wa\v545r01\lib30\nc30lib.lib )
@ _f8ltor ( c:\program files (x86)\renesas\hew\tools\renesas\nc30wa\v545r01\lib30\nc30lib.lib )
@ _f8rtol ( c:\program files (x86)\renesas\hew\tools\renesas\nc30wa\v545r01\lib30\nc30lib.lib )

*** Mapping List ***

SECTION                            START      END         SIZE   ALIGN

data_SE
                                  00000400  00000400         0   1
bss_SE
                                  00000400  00000400         0   2
data_SO
                                  00000400  00000400         0   1
bss_SO
                                  00000400  00000400         0   1
data_NE
                                  00000400  00000407         8   2
bss_NE
                                  00000408  00000408         0   2
data_NO
                                  00000408  00000408         1   1
bss_NO
                                  00000409  00000409         0   1
stack
                                  00000409  00000a08       600   1
heap
                                  00000a09  00000a09         0   1
rom_NE
                                  00000a0a  00000a0a         0   2
rom_NO
                                  00000a0a  00000a0a         0   1
data_FE
                                  00010000  00010000         0   1
bss_FE
                                  00010000  00010000         0   2
data_FO
                                  00010000  00010000         0   1
bss_FO
                                  00010000  00010000         0   1
rom_FE
                                  000f0000  000f0000         0   1
rom_FO
                                  000f0000  000f0000         0   1
data_SEI
                                  000f0000  000f0000         0   1
data_SOI
                                  000f0000  000f0000         0   1
data_NEI
                                  000f0000  000f0007         8   1
data_NOI
                                  000f0008  000f0008         1   1
data_FEI
                                  000f0009  000f0009         0   1
data_FOI
                                  000f0009  000f0009         0   1
switch_table
                                  000f0009  000f0009         0   1
program
                                  000f0009  000f1ba6      1b9e   1
interrupt
                                  000f1ba7  000f1c97        f1   1
program_S
                                  000f1c98  000f1c98         0   1
vector
                                  000ffd00  000ffdff       100   1
svector
                                  000ffe00  000ffe00         0   1
fvector
                                  000ffffc  000fffff         4   1

*** Symbol List ***

SECTION=
FILE=                               START        END    SIZE
  SYMBOL                            ADDR        SIZE    INFO      COUNTS  OPT

SECTION=data_SE
FILE=ncrt0_rsk
                                  00000400  00000400         0
  __SB__
                                  00000400         0   none ,g         0

SECTION=data_NE
FILE=C:/Users/Son/Desktop/WEEK2C/WEEK2C/WEEK2C/Week2c/Week2c/Week2c/main_event_cntr
                                  00000400  00000407         8
  _ta1_user_counter
                                  00000400         2   data ,g         0
  _old_val
                                  00000402         4   data ,g         0
  _floating_point_timer
                                  00000406         2   data ,g         0

SECTION=program
FILE=C:/Users/Son/Desktop/WEEK2C/WEEK2C/WEEK2C/Week2c/Week2c/Week2c/main_event_cntr
                                  000f000a  000f0480       477
  _main
                                  000f000a        10   func ,g         0
  _timer_init
                                  000f001a        2d   func ,g         0
  _ta2_irq
                                  000f0048         9   func ,g         0
  _ta1_irq
                                  000f0050        1b   func ,g         0
  _normal_display
                                  000f006c        b6   func ,g         0

FILE=C:/Users/e1300526/Downloads/WEEK2C/WEEK2C/Week2c/Week2c/Week2c/hwsetup
                                  000f0482  000f055c        db
  _HardwareSetup
                                  000f0482         a   func ,g         0
  _ConfigureOperatingFrequency
                                  000f048c        4c   func ,g         0
  _EnablePeripheralModules
                                  000f04d8         d   func ,g         0

FILE=C:/Users/e1300526/Downloads/WEEK2C/WEEK2C/Week2c/Week2c/Week2c/resetprg
                                  000f055e  000f0567         a
  _Initialise
                                  000f055e         a   func ,g         0

FILE=C:/Users/e1300526/Downloads/WEEK2C/WEEK2C/Week2c/Week2c/Week2c/lcd
                                  000f0568  000f074b       1e4
  _InitialiseDisplay
                                  000f0568        ae   func ,g         0
  $DisplayString
                                  000f0616        5e   func ,g         0
  $LCD_write
                                  000f0674        2c   func ,g         0
  $LCD_nibble_write
                                  000f06a0        86   func ,g         0
  _DisplayDelay
                                  000f0726        26   func ,g         0

FILE=_f8add
                                  000f074c  000f1066       91b
  __f8add
                                  000f074c       6dd   func ,g         0

FILE=_f8div
                                  000f1068  000f1330       2c9
  __f8div
                                  000f1068       2c9   func ,g         0

FILE=_f8ge
                                  000f1332  000f13d8        a7
  __f8ge
                                  000f1332        a7   func ,g         0

FILE=_f8le
                                  000f13da  000f1480        a7
  __f8le
                                  000f13da        a7   func ,g         0

FILE=_f8mul
                                  000f1482  000f1748       2c7
  __f8mul
                                  000f1482       2c7   func ,g         0

FILE=_f8sub
                                  000f174a  000f1771        28
  __f8sub
                                  000f174a        28   func ,g         0

FILE=_f8toi4
                                  000f1772  000f1796        25
  __f8toi4
                                  000f1772        25   func ,g         0

FILE=_ftol
                                  000f1798  000f18a8       111
  $_ftol
                                  000f1798       111   func ,g         0

FILE=_i4div
                                  000f18aa  000f192c        83
  __i4div
                                  000f18aa        83   func ,g         0

FILE=_i4mod
                                  000f192e  000f19a0        73
  __i4mod
                                  000f192e        73   func ,g         0

FILE=_i4mulu
                                  000f19a2  000f19bd        1c
  __i4mulU
                                  000f19a2        1c   func ,g         0

FILE=_i4tof8
                                  000f19be  000f19df        22
  __i4tof8
                                  000f19be        22   func ,g         0

FILE=_ltof
                                  000f19e0  000f1ab3        d4
  $_ltof
                                  000f19e0        d4   func ,g         0

FILE=bcopy
                                  000f1ab4  000f1ae8        35
  _bcopy
                                  000f1ab4        35   func ,g         0

FILE=bzero
                                  000f1aea  000f1b11        28
  _bzero
                                  000f1aea        28   func ,g         0

FILE=_f8ltor
                                  000f1b12  000f1b65        54
  $_f8ltor
                                  000f1b12        54   func ,g         0

FILE=_f8rtol
                                  000f1b66  000f1ba6        41
  $_f8rtol
                                  000f1b66        41   func ,g         0

SECTION=interrupt
FILE=ncrt0_rsk
                                  000f1ba7  000f1c97        f1
  $exit
                                  000f1c95         0   none ,g         0
  _exit
                                  000f1c95         0   none ,g         0
  dummy_int
                                  000f1c97         0   none ,g         0

